******************************************************************************
              TMS320C55x Linker PC v4.3.8                      
******************************************************************************
>> Linked Sun May 10 21:59:23 2026

OUTPUT FILE NAME:   <BTL_TSL_3.out>
ENTRY POINT SYMBOL: "_c_int00"  address: 00025230


MEMORY CONFIGURATION

         name            origin    length      used     unused   attr    fill
                        (bytes)   (bytes)    (bytes)   (bytes)
----------------------  --------  ---------  --------  --------  ----  --------
PAGE 0:
  MMR                   00000000   000000c0  00000000  000000c0  RWIX
  DARAM0                000000c0   0000ff40  0000691c  00009624  RWIX
  SARAM0                00010000   00010000  00000000  00010000  RWIX
  SARAM1                00020000   00020000  00005352  0001acae  RWIX
  SARAM2                00040000   0000fe00  000003e4  0000fa1c  RWIX
  VECS                  0004fe00   00000200  00000100  00000100  RWIX
  PDROM                 00ff8000   00008000  00000000  00008000  R IX

PAGE 2:
  IOPORT                00000000   00020000  00000000  00020000  RWI 


SECTION ALLOCATION MAP
(Addresses surrounded by []'s are displayed for convenience only!)

output                                                          attributes/
section   page  orgn(bytes) orgn(words) len(bytes) len(words)   input sections
--------  ----  ----------- ----------- ---------- ----------   --------------
.pinit       0   [ 00040000 ]  00020000          *   00000000   UNINITIALIZED

.stack       0   [ 000000c0 ]  00000060          *   00001000   UNINITIALIZED
                 [ 000000c0 ]  00000060          *   00001000   --HOLE--

.data        0   [ 000000c0 ]  00000060          *   00000000   UNINITIALIZED

.sysstack 
*            0   [ 000020c0 ]  00001060          *   00000800   UNINITIALIZED
                 [ 000020c0 ]  00001060          *   00000800   --HOLE--

.sysmem      0   [ 000030c0 ]  00001860          *   00001000   UNINITIALIZED
                 [ 000030c0 ]  00001860          *   00001000   --HOLE--

.bss         0   [ 000050c0 ]  00002860          *   000006ac   UNINITIALIZED
                 [ 000050c0 ]  00002860          *   00000406   main.obj (.bss)
                 [ 000058cc ]  00002c66          *   00000119   rts55h.lib : defs.obj (.bss)
                 [ 00005afe ]  00002d7f          *   000000d0              : trgdrv.obj (.bss)
                 [ 00005c9e ]  00002e4f          *   00000001   PM.obj (.bss)
                 [ 00005ca0 ]  00002e50          *   00000071   rts55h.lib : lowlev.obj (.bss)
                 [ 00005d82 ]  00002ec1          *   00000001   ezdsp5535_i2c.obj (.bss)
                 [ 00005d84 ]  00002ec2          *   00000036   PLL.obj (.bss)
                 [ 00005df0 ]  00002ef8          *   00000007   rts55h.lib : memory.obj (.bss)
                 [ 00005dfe ]  00002eff          *   00000001              : fopen.obj (.bss)
                 [ 00005e00 ]  00002f00          *   00000004              : _lock.obj (.bss)
                 [ 00005e08 ]  00002f04          *   00000004              : exit.obj (.bss)
                 [ 00005e10 ]  00002f08          *   00000002   aic3204.obj (.bss)
                 [ 00005e14 ]  00002f0a          *   00000002   sinewaves.obj (.bss)

.const.1     0   [ 00005e18 ]  00002f0c          *   000004ab   
                 [ 00005e18 ]  00002f0c          *   00000236   PLL.obj (.const:.string)
                 [ 00006284 ]  00003142          *   00000174   aic3204_init.obj (.const:.string)
                 [ 0000656c ]  000032b6          *   00000101   rts55h.lib : ctype.obj (.const:__ctypes_)

.const.2     0   [ 00006770 ]  000033b8          *   000000f9   
                 [ 00006770 ]  000033b8          *   00000079   main.obj (.const:.string)
                 [ 00006862 ]  00003431          *   00000040   PM.obj (.const:_cos_lut)
                 [ 000068e2 ]  00003471          *   00000040   sinewaves.obj (.const:_sine_lut)

.const.3     0   [ 00006964 ]  000034b2          *   0000003e   
                 [ 00006964 ]  000034b2          *   00000024   rts55h.lib : _printfi.obj (.const:.string)
                 [ 000069ac ]  000034d6          *   0000000c              : _printfi.obj (.const)
                 [ 000069c4 ]  000034e2          *   00000008              : divd.obj (.const:_initial_approx$1)
                 [ 000069d4 ]  000034ea          *   00000002              : fputs.obj (.const:.string)
                 [ 000069d8 ]  000034ec          *   00000002              : divd.obj (.const)
                 [ 000069dc ]  000034ee          *   00000002              : fltlid.obj (.const)

.text        0     00020000  [ 00010000 ] 00005352          *   
                   00020000  [ 00010000 ] 00001526          *   rts55h.lib : _printfi.obj (.text)
                   00021526  [ 00010a93 ] 00000538          *              : trgdrv.obj (.text)
                   00021a5e  [ 00010d2f ] 0000052a          *              : memory.obj (.text)
                   00021f88  [ 00010fc4 ] 00000522          *   aic3204_init.obj (.text)
                   000224aa  [ 00011255 ] 00000518          *   rts55h.lib : lowlev.obj (.text)
                   000229c2  [ 000114e1 ] 00000367          *              : divd.obj (.text)
                   00022d29  [ 00011694+] 00000340          *   PLL.obj (.text)
                   00023069  [ 00011834+] 000002ad          *   CSLc55x5h.lib : csl_pll.obj (.text)
                   00023316  [ 0001198b ] 0000026c          *   rts55h.lib : fopen.obj (.text)
                   00023582  [ 00011ac1 ] 0000025c          *              : llmpy.obj (.text)
                   000237de  [ 00011bef ] 00000257          *              : addd.obj (.text)
                   00023a35  [ 00011d1a+] 000001ea          *              : cmpd.obj (.text)
                   00023c1f  [ 00011e0f+] 000001c9          *   ezdsp5535_led.obj (.text)
                   00023de8  [ 00011ef4 ] 0000017b          *   rts55h.lib : fputs.obj (.text)
                   00023f63  [ 00011fb1+] 00000156          *   ezdsp5535_gpio.obj (.text)
                   000240b9  [ 0001205c+] 0000014b          *   rts55h.lib : mpyd.obj (.text)
                   00024204  [ 00012102 ] 0000013e          *   ezdsp5535_i2c.obj (.text)
                   00024342  [ 000121a1 ] 0000013b          *   aic3204.obj (.text)
                   0002447d  [ 0001223e+] 000000fd          *   sinewaves.obj (.text)
                   0002457a  [ 000122bd ] 000000f3          *   rts55h.lib : setvbuf.obj (.text)
                   0002466d  [ 00012336+] 000000da          *              : _io_perm.obj (.text)
                   00024747  [ 000123a3+] 000000cf          *   main.obj (.text)
                   00024816  [ 0001240b ] 000000c8          *   rts55h.lib : frcmpyd_div.obj (.text)
                   000248de  [ 0001246f ] 000000be          *              : trgmsg.obj (.text:CIO_breakpoint)
                   0002499c  [ 000124ce ] 000000ba          *              : fflush.obj (.text)
                   00024a56  [ 0001252b ] 000000a2          *              : fputc.obj (.text)
                   00024af8  [ 0001257c ] 000000a0          *              : divul.obj (.text)
                   00024b98  [ 000125cc ] 00000079          *              : ltoa.obj (.text)
                   00024c11  [ 00012608+] 00000076          *              : fclose.obj (.text)
                   00024c87  [ 00012643+] 00000076          *              : frcmpyd.obj (.text)
                   00024cfd  [ 0001267e+] 00000070          *              : remul.obj (.text)
                   00024d6d  [ 000126b6+] 0000006e          *              : fixdli.obj (.text)
                   00024ddb  [ 000126ed+] 0000006b          *              : trgmsg.obj (.text)
                   00024e46  [ 00012723 ] 00000068          *              : fseek.obj (.text)
                   00024eae  [ 00012757 ] 00000067          *              : fltlid.obj (.text)
                   00024f15  [ 0001278a+] 00000063          *   PM.obj (.text)
                   00024f78  [ 000127bc ] 00000059          *   rts55h.lib : atoi.obj (.text)
                   00024fd1  [ 000127e8+] 00000056          *              : memcpy.obj (.text)
                   00025027  [ 00012813+] 00000054          *   ezdsp5535.obj (.text)
                   0002507b  [ 0001283d+] 0000004e          *   rts55h.lib : printf.obj (.text)
                   000250c9  [ 00012864+] 0000004d          *              : autoinit.obj (.text)
                   00025116  [ 0001288b ] 0000004b          *              : remli.obj (.text)
                   00025161  [ 000128b0+] 00000049          *              : args_main.obj (.text)
                   000251aa  [ 000128d5 ] 00000048          *              : divli.obj (.text)
                   000251f2  [ 000128f9 ] 0000003e          *              : exit.obj (.text)
                   00025230  [ 00012918 ] 00000034          *              : boot.obj (.text)
                   00025264  [ 00012932 ] 0000002a          *              : fixdi.obj (.text)
                   0002528e  [ 00012947 ] 0000002a          *              : udiv.obj (.text)
                   000252b8  [ 0001295c ] 00000022          *              : memccpy.obj (.text)
                   000252da  [ 0001296d ] 0000001b          *              : isinf.obj (.text)
                   000252f5  [ 0001297a+] 00000014          *              : subd.obj (.text)
                   00025309  [ 00012984+] 00000013          *              : lmpy.obj (.text)
                   0002531c  [ 0001298e ] 00000012          *              : _lock.obj (.text)
                   0002532e  [ 00012997 ] 00000010          *              : negd.obj (.text)
                   0002533e  [ 0001299f ] 0000000a          *              : remove.obj (.text)
                   00025348  [ 000129a4 ] 00000007          *              : exit.obj (.text:CIO_breakpoint)
                   0002534f  [ 000129a7+] 00000002          *              : vectors.obj (.text)
                   00025351  [ 000129a8 ] 00000001          *   --HOLE-- [fill = 20]

.cio         0   [ 00040000 ]  00020000          *   00000120   UNINITIALIZED
                 [ 00040000 ]  00020000          *   00000120   rts55h.lib : trgmsg.obj (.cio)

.cinit       0   [ 00040240 ]  00020120          *   000000d2   
                 [ 00040240 ]  00020120          *   00000046   PLL.obj (.cinit)
                 [ 000402cc ]  00020166          *   0000002d   rts55h.lib : lowlev.obj (.cinit)
                 [ 00040326 ]  00020193          *   0000002a              : defs.obj (.cinit)
                 [ 0004037a ]  000201bd          *   0000000a              : _lock.obj (.cinit)
                 [ 0004038e ]  000201c7          *   0000000a              : exit.obj (.cinit)
                 [ 000403a2 ]  000201d1          *   00000008   main.obj (.cinit)
                 [ 000403b2 ]  000201d9          *   00000008   sinewaves.obj (.cinit)
                 [ 000403c2 ]  000201e1          *   00000004   PM.obj (.cinit)
                 [ 000403ca ]  000201e5          *   00000004   ezdsp5535_i2c.obj (.cinit)
                 [ 000403d2 ]  000201e9          *   00000004   rts55h.lib : fopen.obj (.cinit)
                 [ 000403da ]  000201ed          *   00000004              : memory.obj (.cinit)
                 [ 000403e2 ]  000201f1          *   00000001   --HOLE-- [fill = 0]

vectors      0     0004fe00  [ 00027f00 ] 00000100          *   
                   0004fe00  [ 00027f00 ] 00000100          *   rts55h.lib : vectors.obj (vectors)


GLOBAL SYMBOLS: SORTED ALPHABETICALLY BY Name 

abs. value/
byte addr   word addr   name
---------   ---------   ----
00000002                $TI_capability$C5500$CallingConvention
00000008                $TI_capability$C5500$MemoryModel
00000001                $TI_capability_requires_rev3
ffffffff                .bss
ffffffff                .data
ffffffff                .text
00025349                C$$EXIT
00024997                C$$IO$$
00025309                I$$LMPY
0002528e                I$$UDIV
000252a3                I$$UMOD
00024342                _AIC3204_rget
0002438d                _AIC3204_rset
00024061                _EZDSP5535_GPIO_getInput
00023f63                _EZDSP5535_GPIO_init
00023f67                _EZDSP5535_GPIO_setDirection
00023fe4                _EZDSP5535_GPIO_setOutput
00024223                _EZDSP5535_I2C_close
00024204                _EZDSP5535_I2C_init
000242c9                _EZDSP5535_I2C_read
0002422c                _EZDSP5535_I2C_reset
0002423a                _EZDSP5535_I2C_write
00023c1f                _EZDSP5535_LED_init
00023c3b                _EZDSP5535_LED_off
00023c2a                _EZDSP5535_LED_on
00023c7b                _EZDSP5535_ULED_getall
00023c4c                _EZDSP5535_ULED_init
00023d70                _EZDSP5535_ULED_off
00023d3b                _EZDSP5535_ULED_on
00023ccd                _EZDSP5535_ULED_setall
00023da3                _EZDSP5535_ULED_toggle
0002506d                _EZDSP5535_init
00025027                _EZDSP5535_wait
0002505b                _EZDSP5535_waitusec
00021a00                _HOSTclock
00021995                _HOSTclose
000218e0                _HOSTlseek
0002183f                _HOSTopen
000217b4                _HOSTread
000216fb                _HOSTrename
0002169d                _HOSTtime
00021631                _HOSTunlink
000215a6                _HOSTwrite
0002325b                _PLL_bypass
000230cb                _PLL_config
000231f4                _PLL_enable
00023093                _PLL_init
000232aa                _PLL_reset
00024f15                _PM_init
00024f3d                _PM_process
0004fe00                _Reset
            00020000    __CIOBUF_
            00001060    __STACK_END
00002000                __STACK_SIZE
00002000                __SYSMEM_SIZE
00001000                __SYSSTACK_SIZE
ffffffff                ___binit__
ffffffff                ___bss__
ffffffff                ___c_args__
            00020120    ___cinit__
ffffffff                ___data__
ffffffff                ___edata__
ffffffff                ___end__
ffffffff                ___etext__
000252da                ___isinf
ffffffff                ___pinit__
ffffffff                ___text__
000237de                __addd
00025161                __args_main
0002342b                __cleanup
            00002f04    __cleanup_ptr
00023bc7                __cmpd
            000032b6    __ctypes_
000229e4                __divd
000251aa                __divli
000237aa                __divlli
0002528e                __divu
00024af8                __divul
000236b6                __divull
0002499c                __doflush
            00002f06    __dtors_ptr
00023b93                __eqld
00025264                __fixdi
00024d6d                __fixdli
00024eae                __fltlid
00024c87                __frcmpyd
00024816                __frcmpyd_div
            00002d7e    __ft_end
            00002c66    __ftable
00023b49                __geqd
00023afe                __gtrd
00023ab1                __leqd
            00002f00    __lock
00023a69                __lssd
000240b9                __mpyd
00025309                __mpyli
000235ff                __mpylli
0002532e                __negd
00023a35                __neqd
0002532c                __nop
00021308                __printfi
000246ea                __rd_ok
00025324                __register_lock
0002531c                __register_unlock
00025116                __remli
000235d0                __remlli
000252a3                __remu
00024cfd                __remul
00023582                __remull
            00000060    __stack
000252f5                __subd
            00001860    __sys_memory
            00001060    __sysstack
            00002cde    __tmpnams
            00002f02    __unlock
0002466d                __wrt_ok
00025348                _abort
000228da                _add_device
000243fb                _aic3204_codec_read
00024441                _aic3204_codec_write
000243df                _aic3204_disable
000243af                _aic3204_hardware_init
00021f88                _aic3204_init
00024f78                _atoi
000250c9                _auto_init
00025230                _c_int00
00021f3c                _calloc
00021f34                _chkheap
0002286a                _close
            00002f08    _counter1
            00002f09    _counter2
000251f2                _exit
00024c11                _fclose
000249fe                _fflush
00022861                _find_registered_device
00023549                _fopen
00024a56                _fputc
00023de8                _fputs
00021a5e                _free
00021ecd                _free_memory
00023483                _freopen
00024e46                _fseek
00024550                _generate_sinewave_1
00024565                _generate_sinewave_2
00021526                _getenv
            00002c64    _graph_index
            00002864    _graph_input
            00002a64    _graph_pm
            00002c65    _graph_ready
            00002ecc    _hPll
            00002ec1    _i2c_timeout
            00002860    _left_input
            00002862    _left_output
000227fd                _lseek
00024b98                _ltoa
00024747                _main
00021ba2                _malloc
00021e63                _max_free
000252b8                _memccpy
00024fd1                _memcpy
00021b30                _minit
00022740                _open
            00002ef6    _pConfigInfo
            00002ec8    _pllCfg1
            00002eee    _pllCfg_100MHz
            00002ef2    _pllCfg_120MHz
            00002ed6    _pllCfg_12MHz
            00002eda    _pllCfg_12p288MHz
            00002ece    _pllCfg_1MHz
            00002ed2    _pllCfg_2MHz
            00002ede    _pllCfg_40MHz
            00002ee2    _pllCfg_60MHz
            00002ee6    _pllCfg_75MHz
            00002eea    _pllCfg_98MHz
            00002ec2    _pllObj
00022da4                _pll_frequency_setup
0002507b                _printf
00024a56                _putc
00024ae9                _putchar
00023f37                _puts
00022696                _read
00024ddb                _readmsg
00021c9d                _realloc
0002533e                _remove
00022662                _remove_device
0002260b                _rename
            00002861    _right_input
            00002863    _right_output
0002215a                _set_sampling_frequency_and_gain
0002457a                _setvbuf
000225d7                _unlink
000224aa                _write
000248de                _writemsg
ffffffff                binit
            00020120    cinit
ffffffff                edata
ffffffff                end
ffffffff                etext
ffffffff                pinit


GLOBAL SYMBOLS: SORTED BY Symbol Address 

abs. value/
byte addr   word addr   name
---------   ---------   ----
00000001                $TI_capability_requires_rev3
00000002                $TI_capability$C5500$CallingConvention
00000008                $TI_capability$C5500$MemoryModel
            00000060    __stack
00001000                __SYSSTACK_SIZE
00002000                __STACK_SIZE
00002000                __SYSMEM_SIZE
            00001060    __STACK_END
            00001060    __sysstack
            00001860    __sys_memory
            00002860    _left_input
            00002861    _right_input
            00002862    _left_output
            00002863    _right_output
            00002864    _graph_input
            00002a64    _graph_pm
            00002c64    _graph_index
            00002c65    _graph_ready
            00002c66    __ftable
            00002cde    __tmpnams
            00002d7e    __ft_end
            00002ec1    _i2c_timeout
            00002ec2    _pllObj
            00002ec8    _pllCfg1
            00002ecc    _hPll
            00002ece    _pllCfg_1MHz
            00002ed2    _pllCfg_2MHz
            00002ed6    _pllCfg_12MHz
            00002eda    _pllCfg_12p288MHz
            00002ede    _pllCfg_40MHz
            00002ee2    _pllCfg_60MHz
            00002ee6    _pllCfg_75MHz
            00002eea    _pllCfg_98MHz
            00002eee    _pllCfg_100MHz
            00002ef2    _pllCfg_120MHz
            00002ef6    _pConfigInfo
            00002f00    __lock
            00002f02    __unlock
            00002f04    __cleanup_ptr
            00002f06    __dtors_ptr
            00002f08    _counter1
            00002f09    _counter2
            000032b6    __ctypes_
00021308                __printfi
00021526                _getenv
000215a6                _HOSTwrite
00021631                _HOSTunlink
0002169d                _HOSTtime
000216fb                _HOSTrename
000217b4                _HOSTread
0002183f                _HOSTopen
000218e0                _HOSTlseek
00021995                _HOSTclose
00021a00                _HOSTclock
00021a5e                _free
00021b30                _minit
00021ba2                _malloc
00021c9d                _realloc
00021e63                _max_free
00021ecd                _free_memory
00021f34                _chkheap
00021f3c                _calloc
00021f88                _aic3204_init
0002215a                _set_sampling_frequency_and_gain
000224aa                _write
000225d7                _unlink
0002260b                _rename
00022662                _remove_device
00022696                _read
00022740                _open
000227fd                _lseek
00022861                _find_registered_device
0002286a                _close
000228da                _add_device
000229e4                __divd
00022da4                _pll_frequency_setup
00023093                _PLL_init
000230cb                _PLL_config
000231f4                _PLL_enable
0002325b                _PLL_bypass
000232aa                _PLL_reset
0002342b                __cleanup
00023483                _freopen
00023549                _fopen
00023582                __remull
000235d0                __remlli
000235ff                __mpylli
000236b6                __divull
000237aa                __divlli
000237de                __addd
00023a35                __neqd
00023a69                __lssd
00023ab1                __leqd
00023afe                __gtrd
00023b49                __geqd
00023b93                __eqld
00023bc7                __cmpd
00023c1f                _EZDSP5535_LED_init
00023c2a                _EZDSP5535_LED_on
00023c3b                _EZDSP5535_LED_off
00023c4c                _EZDSP5535_ULED_init
00023c7b                _EZDSP5535_ULED_getall
00023ccd                _EZDSP5535_ULED_setall
00023d3b                _EZDSP5535_ULED_on
00023d70                _EZDSP5535_ULED_off
00023da3                _EZDSP5535_ULED_toggle
00023de8                _fputs
00023f37                _puts
00023f63                _EZDSP5535_GPIO_init
00023f67                _EZDSP5535_GPIO_setDirection
00023fe4                _EZDSP5535_GPIO_setOutput
00024061                _EZDSP5535_GPIO_getInput
000240b9                __mpyd
00024204                _EZDSP5535_I2C_init
00024223                _EZDSP5535_I2C_close
0002422c                _EZDSP5535_I2C_reset
0002423a                _EZDSP5535_I2C_write
000242c9                _EZDSP5535_I2C_read
00024342                _AIC3204_rget
0002438d                _AIC3204_rset
000243af                _aic3204_hardware_init
000243df                _aic3204_disable
000243fb                _aic3204_codec_read
00024441                _aic3204_codec_write
00024550                _generate_sinewave_1
00024565                _generate_sinewave_2
0002457a                _setvbuf
0002466d                __wrt_ok
000246ea                __rd_ok
00024747                _main
00024816                __frcmpyd_div
000248de                _writemsg
00024997                C$$IO$$
0002499c                __doflush
000249fe                _fflush
00024a56                _fputc
00024a56                _putc
00024ae9                _putchar
00024af8                __divul
00024b98                _ltoa
00024c11                _fclose
00024c87                __frcmpyd
00024cfd                __remul
00024d6d                __fixdli
00024ddb                _readmsg
00024e46                _fseek
00024eae                __fltlid
00024f15                _PM_init
00024f3d                _PM_process
00024f78                _atoi
00024fd1                _memcpy
00025027                _EZDSP5535_wait
0002505b                _EZDSP5535_waitusec
0002506d                _EZDSP5535_init
0002507b                _printf
000250c9                _auto_init
00025116                __remli
00025161                __args_main
000251aa                __divli
000251f2                _exit
00025230                _c_int00
00025264                __fixdi
0002528e                I$$UDIV
0002528e                __divu
000252a3                I$$UMOD
000252a3                __remu
000252b8                _memccpy
000252da                ___isinf
000252f5                __subd
00025309                I$$LMPY
00025309                __mpyli
0002531c                __register_unlock
00025324                __register_lock
0002532c                __nop
0002532e                __negd
0002533e                _remove
00025348                _abort
00025349                C$$EXIT
            00020000    __CIOBUF_
            00020120    ___cinit__
            00020120    cinit
0004fe00                _Reset
ffffffff                .bss
ffffffff                .data
ffffffff                .text
ffffffff                ___binit__
ffffffff                ___bss__
ffffffff                ___c_args__
ffffffff                ___data__
ffffffff                ___edata__
ffffffff                ___end__
ffffffff                ___etext__
ffffffff                ___pinit__
ffffffff                ___text__
ffffffff                binit
ffffffff                edata
ffffffff                end
ffffffff                etext
ffffffff                pinit

[199 symbols]
