******************************************************************************
              TMS320C55x Linker PC v4.3.8                      
******************************************************************************
>> Linked Mon May 11 22:12:04 2026

OUTPUT FILE NAME:   <btl_vt.out>
ENTRY POINT SYMBOL: "_c_int00"  address: 00025601


MEMORY CONFIGURATION

         name            origin    length      used     unused   attr    fill
                        (bytes)   (bytes)    (bytes)   (bytes)
----------------------  --------  ---------  --------  --------  ----  --------
PAGE 0:
  MMR                   00000000   000000c0  00000000  000000c0  RWIX
  DARAM0                000000c0   0000ff40  00006950  000095f0  RWIX
  SARAM0                00010000   00010000  00000000  00010000  RWIX
  SARAM1                00020000   00020000  0000572f  0001a8d1  RWIX
  SARAM2                00040000   0000fe00  00000404  0000f9fc  RWIX
  VECS                  0004fe00   00000200  00000100  00000100  RWIX
  PDROM                 00ff8000   00008000  00000000  00008000  R IX

PAGE 2:
  IOPORT                00000000   00020000  00000000  00020000  RWI 


SECTION ALLOCATION MAP
(Addresses surrounded by []'s are displayed for convenience only!)

output                                                          attributes/
section   page  orgn(bytes) orgn(words) len(bytes) len(words)   input sections
--------  ----  ----------- ----------- ---------- ----------   --------------
.pinit       0   [ 00040000 ]  00020000          *   00000000   UNINITIALIZED

.stack       0   [ 000000c0 ]  00000060          *   00001000   UNINITIALIZED
                 [ 000000c0 ]  00000060          *   00001000   --HOLE--

.data        0   [ 000000c0 ]  00000060          *   00000000   UNINITIALIZED

.sysstack 
*            0   [ 000020c0 ]  00001060          *   00000800   UNINITIALIZED
                 [ 000020c0 ]  00001060          *   00000800   --HOLE--

.sysmem      0   [ 000030c0 ]  00001860          *   00001000   UNINITIALIZED
                 [ 000030c0 ]  00001860          *   00001000   --HOLE--

.bss         0   [ 000050c0 ]  00002860          *   000006b8   UNINITIALIZED
                 [ 000050c0 ]  00002860          *   00000408   mainPWM.obj (.bss)
                 [ 000058d0 ]  00002c68          *   00000119   rts55h.lib : defs.obj (.bss)
                 [ 00005b02 ]  00002d81          *   000000d0              : trgdrv.obj (.bss)
                 [ 00005ca2 ]  00002e51          *   00000001   PWM.obj (.bss)
                 [ 00005ca4 ]  00002e52          *   00000071   rts55h.lib : lowlev.obj (.bss)
                 [ 00005d86 ]  00002ec3          *   00000001   ezdsp5535_i2c.obj (.bss)
                 [ 00005d88 ]  00002ec4          *   00000036   PLL.obj (.bss)
                 [ 00005df4 ]  00002efa          *   00000008   rts55h.lib : sin.obj (.bss)
                 [ 00005e04 ]  00002f02          *   00000007              : memory.obj (.bss)
                 [ 00005e12 ]  00002f09          *   00000001              : fopen.obj (.bss)
                 [ 00005e14 ]  00002f0a          *   00000004   aic3204.obj (.bss)
                 [ 00005e1c ]  00002f0e          *   00000004   rts55h.lib : _lock.obj (.bss)
                 [ 00005e24 ]  00002f12          *   00000004              : exit.obj (.bss)
                 [ 00005e2c ]  00002f16          *   00000002   sinewaves.obj (.bss)

.const.1     0   [ 00005e30 ]  00002f18          *   000004ab   
                 [ 00005e30 ]  00002f18          *   00000236   PLL.obj (.const:.string)
                 [ 0000629c ]  0000314e          *   00000174   aic3204_init.obj (.const:.string)
                 [ 00006584 ]  000032c2          *   00000101   rts55h.lib : ctype.obj (.const:__ctypes_)

.const.2     0   [ 00006788 ]  000033c4          *   000000d7   
                 [ 00006788 ]  000033c4          *   00000097   mainPWM.obj (.const:.string)
                 [ 000068b6 ]  0000345b          *   00000040   sinewaves.obj (.const:_sine_lut)

.const.3     0   [ 00006938 ]  0000349c          *   0000006e   
                 [ 00006938 ]  0000349c          *   00000024   rts55h.lib : _printfi.obj (.const:.string)
                 [ 00006980 ]  000034c0          *   00000014              : sin.obj (.const)
                 [ 000069a8 ]  000034d4          *   0000000c              : _printfi.obj (.const)
                 [ 000069c0 ]  000034e0          *   0000000a   aic3204.obj (.const)
                 [ 000069d4 ]  000034ea          *   00000008   rts55h.lib : divd.obj (.const:_initial_approx$1)
                 [ 000069e4 ]  000034f2          *   00000008              : round.obj (.const)
                 [ 000069f4 ]  000034fa          *   00000006              : modf.obj (.const)
                 [ 00006a00 ]  00003500          *   00000004              : trunc.obj (.const)
                 [ 00006a08 ]  00003504          *   00000002              : fputs.obj (.const:.string)
                 [ 00006a0c ]  00003506          *   00000002              : divd.obj (.const)
                 [ 00006a10 ]  00003508          *   00000002              : fltlid.obj (.const)

.text        0     00020000  [ 00010000 ] 0000572f          *   
                   00020000  [ 00010000 ] 00001526          *   rts55h.lib : _printfi.obj (.text)
                   00021526  [ 00010a93 ] 00000538          *              : trgdrv.obj (.text)
                   00021a5e  [ 00010d2f ] 0000052a          *              : memory.obj (.text)
                   00021f88  [ 00010fc4 ] 00000522          *   aic3204_init.obj (.text)
                   000224aa  [ 00011255 ] 00000518          *   rts55h.lib : lowlev.obj (.text)
                   000229c2  [ 000114e1 ] 00000367          *              : divd.obj (.text)
                   00022d29  [ 00011694+] 00000340          *   PLL.obj (.text)
                   00023069  [ 00011834+] 000002ad          *   CSLc55x5h.lib : csl_pll.obj (.text)
                   00023316  [ 0001198b ] 0000026c          *   rts55h.lib : fopen.obj (.text)
                   00023582  [ 00011ac1 ] 0000025c          *              : llmpy.obj (.text)
                   000237de  [ 00011bef ] 00000257          *              : addd.obj (.text)
                   00023a35  [ 00011d1a+] 000001f2          *              : sin.obj (.text)
                   00023c27  [ 00011e13+] 000001ea          *              : cmpd.obj (.text)
                   00023e11  [ 00011f08+] 000001cd          *   aic3204.obj (.text)
                   00023fde  [ 00011fef ] 000001c9          *   ezdsp5535_led.obj (.text)
                   000241a7  [ 000120d3+] 0000017b          *   rts55h.lib : fputs.obj (.text)
                   00024322  [ 00012191 ] 00000156          *   ezdsp5535_gpio.obj (.text)
                   00024478  [ 0001223c ] 0000014b          *   rts55h.lib : mpyd.obj (.text)
                   000245c3  [ 000122e1+] 0000013e          *   ezdsp5535_i2c.obj (.text)
                   00024701  [ 00012380+] 000000fd          *   sinewaves.obj (.text)
                   000247fe  [ 000123ff ] 000000f3          *   rts55h.lib : setvbuf.obj (.text)
                   000248f1  [ 00012478+] 000000da          *              : _io_perm.obj (.text)
                   000249cb  [ 000124e5+] 000000c8          *              : frcmpyd_div.obj (.text)
                   00024a93  [ 00012549+] 000000be          *              : trgmsg.obj (.text:CIO_breakpoint)
                   00024b51  [ 000125a8+] 000000bd          *              : modf.obj (.text)
                   00024c0e  [ 00012607 ] 000000ba          *              : fflush.obj (.text)
                   00024cc8  [ 00012664 ] 000000b2          *   mainPWM.obj (.text)
                   00024d7a  [ 000126bd ] 000000a2          *   rts55h.lib : fputc.obj (.text)
                   00024e1c  [ 0001270e ] 000000a0          *              : divul.obj (.text)
                   00024ebc  [ 0001275e ] 00000079          *              : ltoa.obj (.text)
                   00024f35  [ 0001279a+] 00000076          *              : fclose.obj (.text)
                   00024fab  [ 000127d5+] 00000076          *              : frcmpyd.obj (.text)
                   00025021  [ 00012810+] 00000070          *              : remul.obj (.text)
                   00025091  [ 00012848+] 0000006e          *   PWM.obj (.text)
                   000250ff  [ 0001287f+] 0000006e          *   rts55h.lib : fixdli.obj (.text)
                   0002516d  [ 000128b6+] 0000006b          *              : trgmsg.obj (.text)
                   000251d8  [ 000128ec ] 00000068          *              : fseek.obj (.text)
                   00025240  [ 00012920 ] 00000067          *              : fltlid.obj (.text)
                   000252a7  [ 00012953+] 00000060          *              : round.obj (.text)
                   00025307  [ 00012983+] 00000059          *              : atoi.obj (.text)
                   00025360  [ 000129b0 ] 00000056          *              : memcpy.obj (.text)
                   000253b6  [ 000129db ] 00000054          *   ezdsp5535.obj (.text)
                   0002540a  [ 00012a05 ] 0000004e          *   rts55h.lib : printf.obj (.text)
                   00025458  [ 00012a2c ] 0000004d          *              : autoinit.obj (.text)
                   000254a5  [ 00012a52+] 0000004b          *              : remli.obj (.text)
                   000254f0  [ 00012a78 ] 00000049          *              : args_main.obj (.text)
                   00025539  [ 00012a9c+] 00000048          *              : divli.obj (.text)
                   00025581  [ 00012ac0+] 00000042          *              : trunc.obj (.text)
                   000255c3  [ 00012ae1+] 0000003e          *              : exit.obj (.text)
                   00025601  [ 00012b00+] 00000034          *              : boot.obj (.text)
                   00025635  [ 00012b1a+] 0000002a          *              : fixdi.obj (.text)
                   0002565f  [ 00012b2f+] 0000002a          *              : udiv.obj (.text)
                   00025689  [ 00012b44+] 00000022          *              : memccpy.obj (.text)
                   000256ab  [ 00012b55+] 0000001b          *              : isinf.obj (.text)
                   000256c6  [ 00012b63 ] 00000014          *              : subd.obj (.text)
                   000256da  [ 00012b6d ] 00000013          *              : lmpy.obj (.text)
                   000256ed  [ 00012b76+] 00000012          *              : _lock.obj (.text)
                   000256ff  [ 00012b7f+] 00000010          *              : negd.obj (.text)
                   0002570f  [ 00012b87+] 0000000c          *              : fltid.obj (.text)
                   0002571b  [ 00012b8d+] 0000000a          *              : remove.obj (.text)
                   00025725  [ 00012b92+] 00000007          *              : exit.obj (.text:CIO_breakpoint)
                   0002572c  [ 00012b96 ] 00000002          *              : vectors.obj (.text)
                   0002572e  [ 00012b97 ] 00000001          *   --HOLE-- [fill = 20]

.cio         0   [ 00040000 ]  00020000          *   00000120   UNINITIALIZED
                 [ 00040000 ]  00020000          *   00000120   rts55h.lib : trgmsg.obj (.cio)

.cinit       0   [ 00040240 ]  00020120          *   000000e2   
                 [ 00040240 ]  00020120          *   00000046   PLL.obj (.cinit)
                 [ 000402cc ]  00020166          *   0000002d   rts55h.lib : lowlev.obj (.cinit)
                 [ 00040326 ]  00020193          *   0000002a              : defs.obj (.cinit)
                 [ 0004037a ]  000201bd          *   0000000b              : sin.obj (.cinit)
                 [ 00040390 ]  000201c8          *   0000000a              : _lock.obj (.cinit)
                 [ 000403a4 ]  000201d2          *   0000000a              : exit.obj (.cinit)
                 [ 000403b8 ]  000201dc          *   00000008   mainPWM.obj (.cinit)
                 [ 000403c8 ]  000201e4          *   00000008   sinewaves.obj (.cinit)
                 [ 000403d8 ]  000201ec          *   00000005   aic3204.obj (.cinit)
                 [ 000403e2 ]  000201f1          *   00000004   PWM.obj (.cinit)
                 [ 000403ea ]  000201f5          *   00000004   ezdsp5535_i2c.obj (.cinit)
                 [ 000403f2 ]  000201f9          *   00000004   rts55h.lib : fopen.obj (.cinit)
                 [ 000403fa ]  000201fd          *   00000004              : memory.obj (.cinit)
                 [ 00040402 ]  00020201          *   00000001   --HOLE-- [fill = 0]

vectors      0     0004fe00  [ 00027f00 ] 00000100          *   
                   0004fe00  [ 00027f00 ] 00000100          *   rts55h.lib : vectors.obj (vectors)


GLOBAL SYMBOLS: SORTED ALPHABETICALLY BY Name 

abs. value/
byte addr   word addr   name
---------   ---------   ----
00000002                $TI_capability$C5500$CallingConvention
00000008                $TI_capability$C5500$MemoryModel
00000001                $TI_capability_requires_rev3
ffffffff                .bss
ffffffff                .data
ffffffff                .text
00025726                C$$EXIT
00024b4c                C$$IO$$
000256da                I$$LMPY
0002565f                I$$UDIV
00025674                I$$UMOD
00023e11                _AIC3204_rget
00023e5c                _AIC3204_rset
00024420                _EZDSP5535_GPIO_getInput
00024322                _EZDSP5535_GPIO_init
00024326                _EZDSP5535_GPIO_setDirection
000243a3                _EZDSP5535_GPIO_setOutput
000245e2                _EZDSP5535_I2C_close
000245c3                _EZDSP5535_I2C_init
00024688                _EZDSP5535_I2C_read
000245eb                _EZDSP5535_I2C_reset
000245f9                _EZDSP5535_I2C_write
00023fde                _EZDSP5535_LED_init
00023ffa                _EZDSP5535_LED_off
00023fe9                _EZDSP5535_LED_on
0002403a                _EZDSP5535_ULED_getall
0002400b                _EZDSP5535_ULED_init
0002412f                _EZDSP5535_ULED_off
000240fa                _EZDSP5535_ULED_on
0002408c                _EZDSP5535_ULED_setall
00024162                _EZDSP5535_ULED_toggle
000253fc                _EZDSP5535_init
000253b6                _EZDSP5535_wait
000253ea                _EZDSP5535_waitusec
00021a00                _HOSTclock
00021995                _HOSTclose
000218e0                _HOSTlseek
0002183f                _HOSTopen
000217b4                _HOSTread
000216fb                _HOSTrename
0002169d                _HOSTtime
00021631                _HOSTunlink
000215a6                _HOSTwrite
            000034e0    _PI
0002325b                _PLL_bypass
000230cb                _PLL_config
000231f4                _PLL_enable
00023093                _PLL_init
000232aa                _PLL_reset
00025091                _PWM_init
00025099                _PWM_process
0004fe00                _Reset
            00020000    __CIOBUF_
            00001060    __STACK_END
00002000                __STACK_SIZE
00002000                __SYSMEM_SIZE
00001000                __SYSSTACK_SIZE
ffffffff                ___binit__
ffffffff                ___bss__
ffffffff                ___c_args__
            00020120    ___cinit__
ffffffff                ___data__
ffffffff                ___edata__
ffffffff                ___end__
ffffffff                ___etext__
000256ab                ___isinf
ffffffff                ___pinit__
ffffffff                ___text__
000237de                __addd
000254f0                __args_main
0002342b                __cleanup
            00002f12    __cleanup_ptr
00023db9                __cmpd
            000032c2    __ctypes_
000229e4                __divd
00025539                __divli
000237aa                __divlli
0002565f                __divu
00024e1c                __divul
000236b6                __divull
00024c0e                __doflush
            00002f14    __dtors_ptr
00023d85                __eqld
00025635                __fixdi
000250ff                __fixdli
0002570f                __fltid
00025240                __fltlid
00024fab                __frcmpyd
000249cb                __frcmpyd_div
            00002d80    __ft_end
            00002c68    __ftable
00023d3b                __geqd
00023cf0                __gtrd
00023ca3                __leqd
            00002f0e    __lock
00023c5b                __lssd
00024478                __mpyd
000256da                __mpyli
000235ff                __mpylli
000256ff                __negd
00023c27                __neqd
000256fd                __nop
000252a7                __nround
00021308                __printfi
0002496e                __rd_ok
000256f5                __register_lock
000256ed                __register_unlock
000254a5                __remli
000235d0                __remlli
00025674                __remu
00025021                __remul
00023582                __remull
            00000060    __stack
000256c6                __subd
            00001860    __sys_memory
            00001060    __sysstack
            00002ce0    __tmpnams
00025581                __trunc
            00002f10    __unlock
000248f1                __wrt_ok
00025725                _abort
000228da                _add_device
00023eca                _aic3204_codec_read
00023fa2                _aic3204_codec_write
00023eae                _aic3204_disable
00023e7e                _aic3204_hardware_init
00021f88                _aic3204_init
            000034e6    _amplitude
00025307                _atoi
00025458                _auto_init
00025601                _c_int00
00021f3c                _calloc
00021f34                _chkheap
0002286a                _close
            00002f0c    _counter1
            00002f0d    _counter2
000255c3                _exit
00024f35                _fclose
00024c70                _fflush
00022861                _find_registered_device
00023549                _fopen
00024d7a                _fputc
000241a7                _fputs
00021a5e                _free
00021ecd                _free_memory
00023483                _freopen
            000034e2    _freq
            000034e4    _fs
000251d8                _fseek
000247d4                _generate_sinewave_1
000247e9                _generate_sinewave_2
00021526                _getenv
            00002c64    _graph_index
            00002864    _graph_input
            00002a64    _graph_pwm
            00002c65    _graph_ready
            00002ece    _hPll
            00002ec3    _i2c_timeout
            00002860    _left_input
            00002862    _left_output
000227fd                _lseek
00024ebc                _ltoa
00024cc8                _main
00021ba2                _malloc
00021e63                _max_free
00025689                _memccpy
00025360                _memcpy
00021b30                _minit
00024b51                _modf
00022740                _open
            00002ef8    _pConfigInfo
            00002f0a    _phase
            00002eca    _pllCfg1
            00002ef0    _pllCfg_100MHz
            00002ef4    _pllCfg_120MHz
            00002ed8    _pllCfg_12MHz
            00002edc    _pllCfg_12p288MHz
            00002ed0    _pllCfg_1MHz
            00002ed4    _pllCfg_2MHz
            00002ee0    _pllCfg_40MHz
            00002ee4    _pllCfg_60MHz
            00002ee8    _pllCfg_75MHz
            00002eec    _pllCfg_98MHz
            00002ec4    _pllObj
00022da4                _pll_frequency_setup
0002540a                _printf
00024d7a                _putc
00024e0d                _putchar
000242f6                _puts
            00002c67    _pwm_output
00022696                _read
0002516d                _readmsg
00021c9d                _realloc
0002571b                _remove
00022662                _remove_device
0002260b                _rename
            00002861    _right_input
            00002863    _right_output
0002215a                _set_sampling_frequency_and_gain
000247fe                _setvbuf
00023a35                _sin
            00002c66    _sine_msg
000225d7                _unlink
000224aa                _write
00024a93                _writemsg
ffffffff                binit
            00020120    cinit
ffffffff                edata
ffffffff                end
ffffffff                etext
ffffffff                pinit


GLOBAL SYMBOLS: SORTED BY Symbol Address 

abs. value/
byte addr   word addr   name
---------   ---------   ----
00000001                $TI_capability_requires_rev3
00000002                $TI_capability$C5500$CallingConvention
00000008                $TI_capability$C5500$MemoryModel
            00000060    __stack
00001000                __SYSSTACK_SIZE
00002000                __STACK_SIZE
00002000                __SYSMEM_SIZE
            00001060    __STACK_END
            00001060    __sysstack
            00001860    __sys_memory
            00002860    _left_input
            00002861    _right_input
            00002862    _left_output
            00002863    _right_output
            00002864    _graph_input
            00002a64    _graph_pwm
            00002c64    _graph_index
            00002c65    _graph_ready
            00002c66    _sine_msg
            00002c67    _pwm_output
            00002c68    __ftable
            00002ce0    __tmpnams
            00002d80    __ft_end
            00002ec3    _i2c_timeout
            00002ec4    _pllObj
            00002eca    _pllCfg1
            00002ece    _hPll
            00002ed0    _pllCfg_1MHz
            00002ed4    _pllCfg_2MHz
            00002ed8    _pllCfg_12MHz
            00002edc    _pllCfg_12p288MHz
            00002ee0    _pllCfg_40MHz
            00002ee4    _pllCfg_60MHz
            00002ee8    _pllCfg_75MHz
            00002eec    _pllCfg_98MHz
            00002ef0    _pllCfg_100MHz
            00002ef4    _pllCfg_120MHz
            00002ef8    _pConfigInfo
            00002f0a    _phase
            00002f0c    _counter1
            00002f0d    _counter2
            00002f0e    __lock
            00002f10    __unlock
            00002f12    __cleanup_ptr
            00002f14    __dtors_ptr
            000032c2    __ctypes_
            000034e0    _PI
            000034e2    _freq
            000034e4    _fs
            000034e6    _amplitude
00021308                __printfi
00021526                _getenv
000215a6                _HOSTwrite
00021631                _HOSTunlink
0002169d                _HOSTtime
000216fb                _HOSTrename
000217b4                _HOSTread
0002183f                _HOSTopen
000218e0                _HOSTlseek
00021995                _HOSTclose
00021a00                _HOSTclock
00021a5e                _free
00021b30                _minit
00021ba2                _malloc
00021c9d                _realloc
00021e63                _max_free
00021ecd                _free_memory
00021f34                _chkheap
00021f3c                _calloc
00021f88                _aic3204_init
0002215a                _set_sampling_frequency_and_gain
000224aa                _write
000225d7                _unlink
0002260b                _rename
00022662                _remove_device
00022696                _read
00022740                _open
000227fd                _lseek
00022861                _find_registered_device
0002286a                _close
000228da                _add_device
000229e4                __divd
00022da4                _pll_frequency_setup
00023093                _PLL_init
000230cb                _PLL_config
000231f4                _PLL_enable
0002325b                _PLL_bypass
000232aa                _PLL_reset
0002342b                __cleanup
00023483                _freopen
00023549                _fopen
00023582                __remull
000235d0                __remlli
000235ff                __mpylli
000236b6                __divull
000237aa                __divlli
000237de                __addd
00023a35                _sin
00023c27                __neqd
00023c5b                __lssd
00023ca3                __leqd
00023cf0                __gtrd
00023d3b                __geqd
00023d85                __eqld
00023db9                __cmpd
00023e11                _AIC3204_rget
00023e5c                _AIC3204_rset
00023e7e                _aic3204_hardware_init
00023eae                _aic3204_disable
00023eca                _aic3204_codec_read
00023fa2                _aic3204_codec_write
00023fde                _EZDSP5535_LED_init
00023fe9                _EZDSP5535_LED_on
00023ffa                _EZDSP5535_LED_off
0002400b                _EZDSP5535_ULED_init
0002403a                _EZDSP5535_ULED_getall
0002408c                _EZDSP5535_ULED_setall
000240fa                _EZDSP5535_ULED_on
0002412f                _EZDSP5535_ULED_off
00024162                _EZDSP5535_ULED_toggle
000241a7                _fputs
000242f6                _puts
00024322                _EZDSP5535_GPIO_init
00024326                _EZDSP5535_GPIO_setDirection
000243a3                _EZDSP5535_GPIO_setOutput
00024420                _EZDSP5535_GPIO_getInput
00024478                __mpyd
000245c3                _EZDSP5535_I2C_init
000245e2                _EZDSP5535_I2C_close
000245eb                _EZDSP5535_I2C_reset
000245f9                _EZDSP5535_I2C_write
00024688                _EZDSP5535_I2C_read
000247d4                _generate_sinewave_1
000247e9                _generate_sinewave_2
000247fe                _setvbuf
000248f1                __wrt_ok
0002496e                __rd_ok
000249cb                __frcmpyd_div
00024a93                _writemsg
00024b4c                C$$IO$$
00024b51                _modf
00024c0e                __doflush
00024c70                _fflush
00024cc8                _main
00024d7a                _fputc
00024d7a                _putc
00024e0d                _putchar
00024e1c                __divul
00024ebc                _ltoa
00024f35                _fclose
00024fab                __frcmpyd
00025021                __remul
00025091                _PWM_init
00025099                _PWM_process
000250ff                __fixdli
0002516d                _readmsg
000251d8                _fseek
00025240                __fltlid
000252a7                __nround
00025307                _atoi
00025360                _memcpy
000253b6                _EZDSP5535_wait
000253ea                _EZDSP5535_waitusec
000253fc                _EZDSP5535_init
0002540a                _printf
00025458                _auto_init
000254a5                __remli
000254f0                __args_main
00025539                __divli
00025581                __trunc
000255c3                _exit
00025601                _c_int00
00025635                __fixdi
0002565f                I$$UDIV
0002565f                __divu
00025674                I$$UMOD
00025674                __remu
00025689                _memccpy
000256ab                ___isinf
000256c6                __subd
000256da                I$$LMPY
000256da                __mpyli
000256ed                __register_unlock
000256f5                __register_lock
000256fd                __nop
000256ff                __negd
0002570f                __fltid
0002571b                _remove
00025725                _abort
00025726                C$$EXIT
            00020000    __CIOBUF_
            00020120    ___cinit__
            00020120    cinit
0004fe00                _Reset
ffffffff                .bss
ffffffff                .data
ffffffff                .text
ffffffff                ___binit__
ffffffff                ___bss__
ffffffff                ___c_args__
ffffffff                ___data__
ffffffff                ___edata__
ffffffff                ___end__
ffffffff                ___etext__
ffffffff                ___pinit__
ffffffff                ___text__
ffffffff                binit
ffffffff                edata
ffffffff                end
ffffffff                etext
ffffffff                pinit

[211 symbols]
